// Jest Snapshot v1, https://goo.gl/fbAQLP

exports[`Button generates the expected markup 1`] = `
Object {
  "css": "<style class=\\"_styletron_hydrate_\\">.a{background-color:hotpink}</style>",
  "html": "<button class=\\"a\\">test button alex</button>",
}
`;
