// Jest Snapshot v1, https://goo.gl/fbAQLP

exports[`404 generates the expected markup 1`] = `
Object {
  "css": "<style class=\\"_styletron_hydrate_\\"></style>",
  "html": "<fourOhFour></fourOhFour>",
}
`;
